// Jest Snapshot v1, https://goo.gl/fbAQLP

exports[`createValidator() should return what validate function returns 1`] = `
Object {
  "errors": Array [
    Object {
      "errors": Array [],
      "message": "Inner error",
      "path": Array [],
      "value": 1,
    },
  ],
  "message": "Test",
  "path": Array [],
  "value": 1,
}
`;
