// Jest Snapshot v1, https://goo.gl/fbAQLP

exports[`alternative() should support custom message 1`] = `
Object {
  "errors": Array [
    Object {
      "errors": Array [],
      "message": "Test",
      "path": Array [],
      "value": 1,
    },
    Object {
      "errors": Array [],
      "message": "Test",
      "path": Array [],
      "value": 1,
    },
  ],
  "message": "Custom message",
  "path": Array [],
  "value": 1,
}
`;
